// Jest Snapshot v1, https://goo.gl/fbAQLP

exports[`bar page should render 1`] = `
<div>
  <h3>
    Slug: 
    hello!
  </h3>
</div>
`;
